Archive member included because of file (symbol)

c:/program files (x86)/atmel/atmel toolchain/avr8 gcc/native/3.4.1061/avr8-gnu-toolchain/bin/../lib/gcc/avr/4.8.1/avr5\libgcc.a(_exit.o)
                              c:/program files (x86)/atmel/atmel toolchain/avr8 gcc/native/3.4.1061/avr8-gnu-toolchain/bin/../lib/gcc/avr/4.8.1/../../../../avr/lib/avr5/crtm16.o (exit)
c:/program files (x86)/atmel/atmel toolchain/avr8 gcc/native/3.4.1061/avr8-gnu-toolchain/bin/../lib/gcc/avr/4.8.1/avr5\libgcc.a(_tablejump.o)
                              Door_Locker_v2.o (__tablejump2__)
c:/program files (x86)/atmel/atmel toolchain/avr8 gcc/native/3.4.1061/avr8-gnu-toolchain/bin/../lib/gcc/avr/4.8.1/avr5\libgcc.a(_copy_data.o)
                              Door_Locker_v2.o (__do_copy_data)
c:/program files (x86)/atmel/atmel toolchain/avr8 gcc/native/3.4.1061/avr8-gnu-toolchain/bin/../lib/gcc/avr/4.8.1/avr5\libgcc.a(_clear_bss.o)
                              Door_Locker_v2.o (__do_clear_bss)

Allocating common symbols
Common symbol       size              file

Repeat_Password     0x4               Function.o
SystemStatevar      0x1               Door_Locker_v2.o
i                   0x1               Function.o
First_Password      0x4               Function.o

Discarded input sections

 .data          0x00000000        0x0 c:/program files (x86)/atmel/atmel toolchain/avr8 gcc/native/3.4.1061/avr8-gnu-toolchain/bin/../lib/gcc/avr/4.8.1/../../../../avr/lib/avr5/crtm16.o
 .bss           0x00000000        0x0 c:/program files (x86)/atmel/atmel toolchain/avr8 gcc/native/3.4.1061/avr8-gnu-toolchain/bin/../lib/gcc/avr/4.8.1/../../../../avr/lib/avr5/crtm16.o
 .text          0x00000000        0x0 Buzzer.o
 .data          0x00000000        0x0 Buzzer.o
 .bss           0x00000000        0x0 Buzzer.o
 .text          0x00000000        0x0 Door_Locker_v2.o
 .data          0x00000000        0x0 Door_Locker_v2.o
 .bss           0x00000000        0x0 Door_Locker_v2.o
 .text          0x00000000        0x0 Function.o
 .data          0x00000000        0x0 Function.o
 .bss           0x00000000        0x0 Function.o
 .text.Compare_Pass
                0x00000000       0x42 Function.o
 .text          0x00000000        0x0 Interfacing_UART.o
 .data          0x00000000        0x0 Interfacing_UART.o
 .bss           0x00000000        0x0 Interfacing_UART.o
 .text          0x00000000        0x0 Keypad.o
 .data          0x00000000        0x0 Keypad.o
 .bss           0x00000000        0x0 Keypad.o
 .text          0x00000000        0x0 LCD.o
 .data          0x00000000        0x0 LCD.o
 .bss           0x00000000        0x0 LCD.o
 .text          0x00000000        0x0 LED.o
 .data          0x00000000        0x0 LED.o
 .bss           0x00000000        0x0 LED.o
 .text.LED_RED_ON
                0x00000000        0x4 LED.o
 .text.LED_GREEN_ON
                0x00000000        0x4 LED.o
 .text          0x00000000        0x0 c:/program files (x86)/atmel/atmel toolchain/avr8 gcc/native/3.4.1061/avr8-gnu-toolchain/bin/../lib/gcc/avr/4.8.1/avr5\libgcc.a(_exit.o)
 .data          0x00000000        0x0 c:/program files (x86)/atmel/atmel toolchain/avr8 gcc/native/3.4.1061/avr8-gnu-toolchain/bin/../lib/gcc/avr/4.8.1/avr5\libgcc.a(_exit.o)
 .bss           0x00000000        0x0 c:/program files (x86)/atmel/atmel toolchain/avr8 gcc/native/3.4.1061/avr8-gnu-toolchain/bin/../lib/gcc/avr/4.8.1/avr5\libgcc.a(_exit.o)
 .text.libgcc.mul
                0x00000000        0x0 c:/program files (x86)/atmel/atmel toolchain/avr8 gcc/native/3.4.1061/avr8-gnu-toolchain/bin/../lib/gcc/avr/4.8.1/avr5\libgcc.a(_exit.o)
 .text.libgcc.div
                0x00000000        0x0 c:/program files (x86)/atmel/atmel toolchain/avr8 gcc/native/3.4.1061/avr8-gnu-toolchain/bin/../lib/gcc/avr/4.8.1/avr5\libgcc.a(_exit.o)
 .text.libgcc   0x00000000        0x0 c:/program files (x86)/atmel/atmel toolchain/avr8 gcc/native/3.4.1061/avr8-gnu-toolchain/bin/../lib/gcc/avr/4.8.1/avr5\libgcc.a(_exit.o)
 .text.libgcc.prologue
                0x00000000        0x0 c:/program files (x86)/atmel/atmel toolchain/avr8 gcc/native/3.4.1061/avr8-gnu-toolchain/bin/../lib/gcc/avr/4.8.1/avr5\libgcc.a(_exit.o)
 .text.libgcc.builtins
                0x00000000        0x0 c:/program files (x86)/atmel/atmel toolchain/avr8 gcc/native/3.4.1061/avr8-gnu-toolchain/bin/../lib/gcc/avr/4.8.1/avr5\libgcc.a(_exit.o)
 .text.libgcc.fmul
                0x00000000        0x0 c:/program files (x86)/atmel/atmel toolchain/avr8 gcc/native/3.4.1061/avr8-gnu-toolchain/bin/../lib/gcc/avr/4.8.1/avr5\libgcc.a(_exit.o)
 .text.libgcc.fixed
                0x00000000        0x0 c:/program files (x86)/atmel/atmel toolchain/avr8 gcc/native/3.4.1061/avr8-gnu-toolchain/bin/../lib/gcc/avr/4.8.1/avr5\libgcc.a(_exit.o)
 .text          0x00000000        0x0 c:/program files (x86)/atmel/atmel toolchain/avr8 gcc/native/3.4.1061/avr8-gnu-toolchain/bin/../lib/gcc/avr/4.8.1/avr5\libgcc.a(_tablejump.o)
 .data          0x00000000        0x0 c:/program files (x86)/atmel/atmel toolchain/avr8 gcc/native/3.4.1061/avr8-gnu-toolchain/bin/../lib/gcc/avr/4.8.1/avr5\libgcc.a(_tablejump.o)
 .bss           0x00000000        0x0 c:/program files (x86)/atmel/atmel toolchain/avr8 gcc/native/3.4.1061/avr8-gnu-toolchain/bin/../lib/gcc/avr/4.8.1/avr5\libgcc.a(_tablejump.o)
 .text.libgcc.mul
                0x00000000        0x0 c:/program files (x86)/atmel/atmel toolchain/avr8 gcc/native/3.4.1061/avr8-gnu-toolchain/bin/../lib/gcc/avr/4.8.1/avr5\libgcc.a(_tablejump.o)
 .text.libgcc.div
                0x00000000        0x0 c:/program files (x86)/atmel/atmel toolchain/avr8 gcc/native/3.4.1061/avr8-gnu-toolchain/bin/../lib/gcc/avr/4.8.1/avr5\libgcc.a(_tablejump.o)
 .text.libgcc.prologue
                0x00000000        0x0 c:/program files (x86)/atmel/atmel toolchain/avr8 gcc/native/3.4.1061/avr8-gnu-toolchain/bin/../lib/gcc/avr/4.8.1/avr5\libgcc.a(_tablejump.o)
 .text.libgcc.builtins
                0x00000000        0x0 c:/program files (x86)/atmel/atmel toolchain/avr8 gcc/native/3.4.1061/avr8-gnu-toolchain/bin/../lib/gcc/avr/4.8.1/avr5\libgcc.a(_tablejump.o)
 .text.libgcc.fmul
                0x00000000        0x0 c:/program files (x86)/atmel/atmel toolchain/avr8 gcc/native/3.4.1061/avr8-gnu-toolchain/bin/../lib/gcc/avr/4.8.1/avr5\libgcc.a(_tablejump.o)
 .text.libgcc.fixed
                0x00000000        0x0 c:/program files (x86)/atmel/atmel toolchain/avr8 gcc/native/3.4.1061/avr8-gnu-toolchain/bin/../lib/gcc/avr/4.8.1/avr5\libgcc.a(_tablejump.o)
 .text          0x00000000        0x0 c:/program files (x86)/atmel/atmel toolchain/avr8 gcc/native/3.4.1061/avr8-gnu-toolchain/bin/../lib/gcc/avr/4.8.1/avr5\libgcc.a(_copy_data.o)
 .data          0x00000000        0x0 c:/program files (x86)/atmel/atmel toolchain/avr8 gcc/native/3.4.1061/avr8-gnu-toolchain/bin/../lib/gcc/avr/4.8.1/avr5\libgcc.a(_copy_data.o)
 .bss           0x00000000        0x0 c:/program files (x86)/atmel/atmel toolchain/avr8 gcc/native/3.4.1061/avr8-gnu-toolchain/bin/../lib/gcc/avr/4.8.1/avr5\libgcc.a(_copy_data.o)
 .text.libgcc.mul
                0x00000000        0x0 c:/program files (x86)/atmel/atmel toolchain/avr8 gcc/native/3.4.1061/avr8-gnu-toolchain/bin/../lib/gcc/avr/4.8.1/avr5\libgcc.a(_copy_data.o)
 .text.libgcc.div
                0x00000000        0x0 c:/program files (x86)/atmel/atmel toolchain/avr8 gcc/native/3.4.1061/avr8-gnu-toolchain/bin/../lib/gcc/avr/4.8.1/avr5\libgcc.a(_copy_data.o)
 .text.libgcc   0x00000000        0x0 c:/program files (x86)/atmel/atmel toolchain/avr8 gcc/native/3.4.1061/avr8-gnu-toolchain/bin/../lib/gcc/avr/4.8.1/avr5\libgcc.a(_copy_data.o)
 .text.libgcc.prologue
                0x00000000        0x0 c:/program files (x86)/atmel/atmel toolchain/avr8 gcc/native/3.4.1061/avr8-gnu-toolchain/bin/../lib/gcc/avr/4.8.1/avr5\libgcc.a(_copy_data.o)
 .text.libgcc.builtins
                0x00000000        0x0 c:/program files (x86)/atmel/atmel toolchain/avr8 gcc/native/3.4.1061/avr8-gnu-toolchain/bin/../lib/gcc/avr/4.8.1/avr5\libgcc.a(_copy_data.o)
 .text.libgcc.fmul
                0x00000000        0x0 c:/program files (x86)/atmel/atmel toolchain/avr8 gcc/native/3.4.1061/avr8-gnu-toolchain/bin/../lib/gcc/avr/4.8.1/avr5\libgcc.a(_copy_data.o)
 .text.libgcc.fixed
                0x00000000        0x0 c:/program files (x86)/atmel/atmel toolchain/avr8 gcc/native/3.4.1061/avr8-gnu-toolchain/bin/../lib/gcc/avr/4.8.1/avr5\libgcc.a(_copy_data.o)
 .text          0x00000000        0x0 c:/program files (x86)/atmel/atmel toolchain/avr8 gcc/native/3.4.1061/avr8-gnu-toolchain/bin/../lib/gcc/avr/4.8.1/avr5\libgcc.a(_clear_bss.o)
 .data          0x00000000        0x0 c:/program files (x86)/atmel/atmel toolchain/avr8 gcc/native/3.4.1061/avr8-gnu-toolchain/bin/../lib/gcc/avr/4.8.1/avr5\libgcc.a(_clear_bss.o)
 .bss           0x00000000        0x0 c:/program files (x86)/atmel/atmel toolchain/avr8 gcc/native/3.4.1061/avr8-gnu-toolchain/bin/../lib/gcc/avr/4.8.1/avr5\libgcc.a(_clear_bss.o)
 .text.libgcc.mul
                0x00000000        0x0 c:/program files (x86)/atmel/atmel toolchain/avr8 gcc/native/3.4.1061/avr8-gnu-toolchain/bin/../lib/gcc/avr/4.8.1/avr5\libgcc.a(_clear_bss.o)
 .text.libgcc.div
                0x00000000        0x0 c:/program files (x86)/atmel/atmel toolchain/avr8 gcc/native/3.4.1061/avr8-gnu-toolchain/bin/../lib/gcc/avr/4.8.1/avr5\libgcc.a(_clear_bss.o)
 .text.libgcc   0x00000000        0x0 c:/program files (x86)/atmel/atmel toolchain/avr8 gcc/native/3.4.1061/avr8-gnu-toolchain/bin/../lib/gcc/avr/4.8.1/avr5\libgcc.a(_clear_bss.o)
 .text.libgcc.prologue
                0x00000000        0x0 c:/program files (x86)/atmel/atmel toolchain/avr8 gcc/native/3.4.1061/avr8-gnu-toolchain/bin/../lib/gcc/avr/4.8.1/avr5\libgcc.a(_clear_bss.o)
 .text.libgcc.builtins
                0x00000000        0x0 c:/program files (x86)/atmel/atmel toolchain/avr8 gcc/native/3.4.1061/avr8-gnu-toolchain/bin/../lib/gcc/avr/4.8.1/avr5\libgcc.a(_clear_bss.o)
 .text.libgcc.fmul
                0x00000000        0x0 c:/program files (x86)/atmel/atmel toolchain/avr8 gcc/native/3.4.1061/avr8-gnu-toolchain/bin/../lib/gcc/avr/4.8.1/avr5\libgcc.a(_clear_bss.o)
 .text.libgcc.fixed
                0x00000000        0x0 c:/program files (x86)/atmel/atmel toolchain/avr8 gcc/native/3.4.1061/avr8-gnu-toolchain/bin/../lib/gcc/avr/4.8.1/avr5\libgcc.a(_clear_bss.o)

Memory Configuration

Name             Origin             Length             Attributes
text             0x00000000         0x00020000         xr
data             0x00800060         0x0000ffa0         rw !x
eeprom           0x00810000         0x00010000         rw !x
fuse             0x00820000         0x00000400         rw !x
lock             0x00830000         0x00000400         rw !x
signature        0x00840000         0x00000400         rw !x
user_signatures  0x00850000         0x00000400         rw !x
*default*        0x00000000         0xffffffff

Linker script and memory map

LOAD c:/program files (x86)/atmel/atmel toolchain/avr8 gcc/native/3.4.1061/avr8-gnu-toolchain/bin/../lib/gcc/avr/4.8.1/../../../../avr/lib/avr5/crtm16.o
LOAD Buzzer.o
LOAD Door_Locker_v2.o
LOAD Function.o
LOAD Interfacing_UART.o
LOAD Keypad.o
LOAD LCD.o
LOAD LED.o
START GROUP
LOAD c:/program files (x86)/atmel/atmel toolchain/avr8 gcc/native/3.4.1061/avr8-gnu-toolchain/bin/../lib/gcc/avr/4.8.1/../../../../avr/lib/avr5\libm.a
END GROUP
START GROUP
LOAD c:/program files (x86)/atmel/atmel toolchain/avr8 gcc/native/3.4.1061/avr8-gnu-toolchain/bin/../lib/gcc/avr/4.8.1/avr5\libgcc.a
LOAD c:/program files (x86)/atmel/atmel toolchain/avr8 gcc/native/3.4.1061/avr8-gnu-toolchain/bin/../lib/gcc/avr/4.8.1/../../../../avr/lib/avr5\libm.a
LOAD c:/program files (x86)/atmel/atmel toolchain/avr8 gcc/native/3.4.1061/avr8-gnu-toolchain/bin/../lib/gcc/avr/4.8.1/../../../../avr/lib/avr5\libc.a
END GROUP

.hash
 *(.hash)

.dynsym
 *(.dynsym)

.dynstr
 *(.dynstr)

.gnu.version
 *(.gnu.version)

.gnu.version_d
 *(.gnu.version_d)

.gnu.version_r
 *(.gnu.version_r)

.rel.init
 *(.rel.init)

.rela.init
 *(.rela.init)

.rel.text
 *(.rel.text)
 *(.rel.text.*)
 *(.rel.gnu.linkonce.t*)

.rela.text
 *(.rela.text)
 *(.rela.text.*)
 *(.rela.gnu.linkonce.t*)

.rel.fini
 *(.rel.fini)

.rela.fini
 *(.rela.fini)

.rel.rodata
 *(.rel.rodata)
 *(.rel.rodata.*)
 *(.rel.gnu.linkonce.r*)

.rela.rodata
 *(.rela.rodata)
 *(.rela.rodata.*)
 *(.rela.gnu.linkonce.r*)

.rel.data
 *(.rel.data)
 *(.rel.data.*)
 *(.rel.gnu.linkonce.d*)

.rela.data
 *(.rela.data)
 *(.rela.data.*)
 *(.rela.gnu.linkonce.d*)

.rel.ctors
 *(.rel.ctors)

.rela.ctors
 *(.rela.ctors)

.rel.dtors
 *(.rel.dtors)

.rela.dtors
 *(.rela.dtors)

.rel.got
 *(.rel.got)

.rela.got
 *(.rela.got)

.rel.bss
 *(.rel.bss)

.rela.bss
 *(.rela.bss)

.rel.plt
 *(.rel.plt)

.rela.plt
 *(.rela.plt)

.text           0x00000000      0x6fc
 *(.vectors)
 .vectors       0x00000000       0x54 c:/program files (x86)/atmel/atmel toolchain/avr8 gcc/native/3.4.1061/avr8-gnu-toolchain/bin/../lib/gcc/avr/4.8.1/../../../../avr/lib/avr5/crtm16.o
                0x00000000                __vector_default
                0x00000000                __vectors
 *(.vectors)
 *(.progmem.gcc*)
 .progmem.gcc_sw_table.main
                0x00000054        0xe Door_Locker_v2.o
 .progmem.gcc_sw_table.Key_Pressed
                0x00000062       0x20 Keypad.o
                0x00000082                . = ALIGN (0x2)
                0x00000082                __trampolines_start = .
 *(.trampolines)
 .trampolines   0x00000082        0x0 linker stubs
 *(.trampolines*)
                0x00000082                __trampolines_end = .
 *(.progmem*)
                0x00000082                . = ALIGN (0x2)
 *(.jumptables)
 *(.jumptables*)
 *(.lowtext)
 *(.lowtext*)
                0x00000082                __ctors_start = .
 *(.ctors)
                0x00000082                __ctors_end = .
                0x00000082                __dtors_start = .
 *(.dtors)
                0x00000082                __dtors_end = .
 SORT(*)(.ctors)
 SORT(*)(.dtors)
 *(.init0)
 .init0         0x00000082        0x0 c:/program files (x86)/atmel/atmel toolchain/avr8 gcc/native/3.4.1061/avr8-gnu-toolchain/bin/../lib/gcc/avr/4.8.1/../../../../avr/lib/avr5/crtm16.o
                0x00000082                __init
 *(.init0)
 *(.init1)
 *(.init1)
 *(.init2)
 .init2         0x00000082        0xc c:/program files (x86)/atmel/atmel toolchain/avr8 gcc/native/3.4.1061/avr8-gnu-toolchain/bin/../lib/gcc/avr/4.8.1/../../../../avr/lib/avr5/crtm16.o
 *(.init2)
 *(.init3)
 *(.init3)
 *(.init4)
 .init4         0x0000008e       0x16 c:/program files (x86)/atmel/atmel toolchain/avr8 gcc/native/3.4.1061/avr8-gnu-toolchain/bin/../lib/gcc/avr/4.8.1/avr5\libgcc.a(_copy_data.o)
                0x0000008e                __do_copy_data
 .init4         0x000000a4       0x10 c:/program files (x86)/atmel/atmel toolchain/avr8 gcc/native/3.4.1061/avr8-gnu-toolchain/bin/../lib/gcc/avr/4.8.1/avr5\libgcc.a(_clear_bss.o)
                0x000000a4                __do_clear_bss
 *(.init4)
 *(.init5)
 *(.init5)
 *(.init6)
 *(.init6)
 *(.init7)
 *(.init7)
 *(.init8)
 *(.init8)
 *(.init9)
 .init9         0x000000b4        0x8 c:/program files (x86)/atmel/atmel toolchain/avr8 gcc/native/3.4.1061/avr8-gnu-toolchain/bin/../lib/gcc/avr/4.8.1/../../../../avr/lib/avr5/crtm16.o
 *(.init9)
 *(.text)
 .text          0x000000bc        0x4 c:/program files (x86)/atmel/atmel toolchain/avr8 gcc/native/3.4.1061/avr8-gnu-toolchain/bin/../lib/gcc/avr/4.8.1/../../../../avr/lib/avr5/crtm16.o
                0x000000bc                __vector_1
                0x000000bc                __vector_12
                0x000000bc                __bad_interrupt
                0x000000bc                __vector_6
                0x000000bc                __vector_3
                0x000000bc                __vector_11
                0x000000bc                __vector_13
                0x000000bc                __vector_17
                0x000000bc                __vector_19
                0x000000bc                __vector_7
                0x000000bc                __vector_5
                0x000000bc                __vector_4
                0x000000bc                __vector_9
                0x000000bc                __vector_2
                0x000000bc                __vector_15
                0x000000bc                __vector_8
                0x000000bc                __vector_14
                0x000000bc                __vector_10
                0x000000bc                __vector_16
                0x000000bc                __vector_18
                0x000000bc                __vector_20
                0x000000c0                . = ALIGN (0x2)
 *(.text.*)
 .text.Buzzer_Init
                0x000000c0        0x4 Buzzer.o
                0x000000c0                Buzzer_Init
 .text.Buzzer_ON
                0x000000c4        0x4 Buzzer.o
                0x000000c4                Buzzer_ON
 .text.Buzzer_OFF
                0x000000c8        0x4 Buzzer.o
                0x000000c8                Buzzer_OFF
 .text.main     0x000000cc      0x1ac Door_Locker_v2.o
                0x000000cc                main
 .text.Scan_Pass_First
                0x00000278       0xae Function.o
                0x00000278                Scan_Pass_First
 .text.Scan_Pass_Repeat
                0x00000326       0xa4 Function.o
                0x00000326                Scan_Pass_Repeat
 .text.Recieve_PWD_Comp
                0x000003ca       0x12 Function.o
                0x000003ca                Recieve_PWD_Comp
 .text.Correct_Pwd
                0x000003dc       0x24 Function.o
                0x000003dc                Correct_Pwd
 .text.Wrong_Pwd
                0x00000400       0x24 Function.o
                0x00000400                Wrong_Pwd
 .text.Option_Menu
                0x00000424       0x54 Function.o
                0x00000424                Option_Menu
 .text.OpenDoor
                0x00000478       0x28 Function.o
                0x00000478                OpenDoor
 .text.CloseDoor
                0x000004a0       0x28 Function.o
                0x000004a0                CloseDoor
 .text.System_error
                0x000004c8       0x36 Function.o
                0x000004c8                System_error
 .text.UART_Init
                0x000004fe       0x32 Interfacing_UART.o
                0x000004fe                UART_Init
 .text.UART_SendByte
                0x00000530       0x14 Interfacing_UART.o
                0x00000530                UART_SendByte
 .text.UART_RecieveByte
                0x00000544        0x8 Interfacing_UART.o
                0x00000544                UART_RecieveByte
 .text.Get_Key  0x0000054c       0x88 Keypad.o
                0x0000054c                Get_Key
 .text.Key_Pressed
                0x000005d4       0x58 Keypad.o
                0x000005d4                Key_Pressed
 .text.LCD_Enable
                0x0000062c        0x6 LCD.o
                0x0000062c                LCD_Enable
 .text.LCD_SendCommand
                0x00000632       0x16 LCD.o
                0x00000632                LCD_SendCommand
 .text.LCD_ClearScreen
                0x00000648        0x8 LCD.o
                0x00000648                LCD_ClearScreen
 .text.LCD_Init
                0x00000650       0x1e LCD.o
                0x00000650                LCD_Init
 .text.LCD_DisplayCharacter
                0x0000066e       0x16 LCD.o
                0x0000066e                LCD_DisplayCharacter
 .text.LCD_DisplayString
                0x00000684       0x2a LCD.o
                0x00000684                LCD_DisplayString
 .text.LCD_DisplayString_XY
                0x000006ae       0x26 LCD.o
                0x000006ae                LCD_DisplayString_XY
 .text.LED_Init
                0x000006d4        0x8 LED.o
                0x000006d4                LED_Init
 .text.LED_RED_OFF
                0x000006dc        0x4 LED.o
                0x000006dc                LED_RED_OFF
 .text.LED_YELL_ON
                0x000006e0        0x4 LED.o
                0x000006e0                LED_YELL_ON
 .text.LED_YELL_OFF
                0x000006e4        0x4 LED.o
                0x000006e4                LED_YELL_OFF
 .text.LED_GREEN_OFF
                0x000006e8        0x4 LED.o
                0x000006e8                LED_GREEN_OFF
 .text.libgcc   0x000006ec        0xc c:/program files (x86)/atmel/atmel toolchain/avr8 gcc/native/3.4.1061/avr8-gnu-toolchain/bin/../lib/gcc/avr/4.8.1/avr5\libgcc.a(_tablejump.o)
                0x000006ec                __tablejump2__
                0x000006f0                __tablejump__
                0x000006f8                . = ALIGN (0x2)
 *(.fini9)
 .fini9         0x000006f8        0x0 c:/program files (x86)/atmel/atmel toolchain/avr8 gcc/native/3.4.1061/avr8-gnu-toolchain/bin/../lib/gcc/avr/4.8.1/avr5\libgcc.a(_exit.o)
                0x000006f8                _exit
                0x000006f8                exit
 *(.fini9)
 *(.fini8)
 *(.fini8)
 *(.fini7)
 *(.fini7)
 *(.fini6)
 *(.fini6)
 *(.fini5)
 *(.fini5)
 *(.fini4)
 *(.fini4)
 *(.fini3)
 *(.fini3)
 *(.fini2)
 *(.fini2)
 *(.fini1)
 *(.fini1)
 *(.fini0)
 .fini0         0x000006f8        0x4 c:/program files (x86)/atmel/atmel toolchain/avr8 gcc/native/3.4.1061/avr8-gnu-toolchain/bin/../lib/gcc/avr/4.8.1/avr5\libgcc.a(_exit.o)
 *(.fini0)
                0x000006fc                _etext = .

.data           0x00800060       0xac load address 0x000006fc
                0x00800060                PROVIDE (__data_start, .)
 *(.data)
 *(.data*)
 *(.rodata)
 *(.rodata*)
 .rodata.str1.1
                0x00800060       0x1e Door_Locker_v2.o
 .rodata.str1.1
                0x0080007e       0x8d Function.o
                                 0x9f (size before relaxing)
 *(.gnu.linkonce.d*)
                0x0080010c                . = ALIGN (0x2)
 *fill*         0x0080010b        0x1 
                0x0080010c                _edata = .
                0x0080010c                PROVIDE (__data_end, .)

.bss            0x0080010c        0xa
                0x0080010c                PROVIDE (__bss_start, .)
 *(.bss)
 *(.bss*)
 *(COMMON)
 COMMON         0x0080010c        0x1 Door_Locker_v2.o
                0x0080010c                SystemStatevar
 COMMON         0x0080010d        0x9 Function.o
                0x0080010d                Repeat_Password
                0x00800111                i
                0x00800112                First_Password
                0x00800116                PROVIDE (__bss_end, .)
                0x000006fc                __data_load_start = LOADADDR (.data)
                0x000007a8                __data_load_end = (__data_load_start + SIZEOF (.data))

.noinit         0x00800116        0x0
                0x00800116                PROVIDE (__noinit_start, .)
 *(.noinit*)
                0x00800116                PROVIDE (__noinit_end, .)
                0x00800116                _end = .
                0x00800116                PROVIDE (__heap_start, .)

.eeprom         0x00810000        0x0
 *(.eeprom*)
                0x00810000                __eeprom_end = .

.fuse
 *(.fuse)
 *(.lfuse)
 *(.hfuse)
 *(.efuse)

.lock
 *(.lock*)

.signature
 *(.signature*)

.user_signatures
 *(.user_signatures*)

.stab
 *(.stab)

.stabstr
 *(.stabstr)

.stab.excl
 *(.stab.excl)

.stab.exclstr
 *(.stab.exclstr)

.stab.index
 *(.stab.index)

.stab.indexstr
 *(.stab.indexstr)

.comment        0x00000000       0x30
 *(.comment)
 .comment       0x00000000       0x30 Buzzer.o
                                 0x31 (size before relaxing)
 .comment       0x00000000       0x31 Door_Locker_v2.o
 .comment       0x00000000       0x31 Function.o
 .comment       0x00000000       0x31 Interfacing_UART.o
 .comment       0x00000000       0x31 Keypad.o
 .comment       0x00000000       0x31 LCD.o
 .comment       0x00000000       0x31 LED.o

.note.gnu.build-id
 *(.note.gnu.build-id)

.debug
 *(.debug)

.line
 *(.line)

.debug_srcinfo
 *(.debug_srcinfo)

.debug_sfnames
 *(.debug_sfnames)

.debug_aranges  0x00000000      0x1b0
 *(.debug_aranges)
 .debug_aranges
                0x00000000       0x30 Buzzer.o
 .debug_aranges
                0x00000030       0x20 Door_Locker_v2.o
 .debug_aranges
                0x00000050       0x68 Function.o
 .debug_aranges
                0x000000b8       0x30 Interfacing_UART.o
 .debug_aranges
                0x000000e8       0x28 Keypad.o
 .debug_aranges
                0x00000110       0x50 LCD.o
 .debug_aranges
                0x00000160       0x50 LED.o

.debug_pubnames
 *(.debug_pubnames)

.debug_info     0x00000000     0x1734
 *(.debug_info .gnu.linkonce.wi.*)
 .debug_info    0x00000000       0xaf Buzzer.o
 .debug_info    0x000000af      0x588 Door_Locker_v2.o
 .debug_info    0x00000637      0xa59 Function.o
 .debug_info    0x00001090      0x173 Interfacing_UART.o
 .debug_info    0x00001203      0x102 Keypad.o
 .debug_info    0x00001305      0x328 LCD.o
 .debug_info    0x0000162d      0x107 LED.o

.debug_abbrev   0x00000000      0x776
 *(.debug_abbrev)
 .debug_abbrev  0x00000000       0x51 Buzzer.o
 .debug_abbrev  0x00000051      0x1a2 Door_Locker_v2.o
 .debug_abbrev  0x000001f3      0x217 Function.o
 .debug_abbrev  0x0000040a      0x10e Interfacing_UART.o
 .debug_abbrev  0x00000518       0x9a Keypad.o
 .debug_abbrev  0x000005b2      0x173 LCD.o
 .debug_abbrev  0x00000725       0x51 LED.o

.debug_line     0x00000000      0xaea
 *(.debug_line .debug_line.* .debug_line_end)
 .debug_line    0x00000000       0xcc Buzzer.o
 .debug_line    0x000000cc      0x1f3 Door_Locker_v2.o
 .debug_line    0x000002bf      0x306 Function.o
 .debug_line    0x000005c5      0x16f Interfacing_UART.o
 .debug_line    0x00000734       0xfb Keypad.o
 .debug_line    0x0000082f      0x1b0 LCD.o
 .debug_line    0x000009df      0x10b LED.o

.debug_frame    0x00000000      0x2d0
 *(.debug_frame)
 .debug_frame   0x00000000       0x44 Buzzer.o
 .debug_frame   0x00000044       0x24 Door_Locker_v2.o
 .debug_frame   0x00000068       0xcc Function.o
 .debug_frame   0x00000134       0x44 Interfacing_UART.o
 .debug_frame   0x00000178       0x34 Keypad.o
 .debug_frame   0x000001ac       0xa0 LCD.o
 .debug_frame   0x0000024c       0x84 LED.o

.debug_str      0x00000000      0x4f5
 *(.debug_str)
 .debug_str     0x00000000      0x193 Buzzer.o
                                0x1c7 (size before relaxing)
 .debug_str     0x00000193      0x213 Door_Locker_v2.o
                                0x3b4 (size before relaxing)
 .debug_str     0x000003a6       0xb8 Function.o
                                0x3ed (size before relaxing)
 .debug_str     0x0000045e       0x22 Interfacing_UART.o
                                0x255 (size before relaxing)
 .debug_str     0x00000480       0x28 Keypad.o
                                0x1fb (size before relaxing)
 .debug_str     0x000004a8       0x2a LCD.o
                                0x299 (size before relaxing)
 .debug_str     0x000004d2       0x23 LED.o
                                0x1f7 (size before relaxing)

.debug_loc      0x00000000      0x6c8
 *(.debug_loc)
 .debug_loc     0x00000000      0x191 Door_Locker_v2.o
 .debug_loc     0x00000191       0x8f Function.o
 .debug_loc     0x00000220       0x1f Interfacing_UART.o
 .debug_loc     0x0000023f      0x30f Keypad.o
 .debug_loc     0x0000054e      0x17a LCD.o

.debug_macinfo
 *(.debug_macinfo)

.debug_weaknames
 *(.debug_weaknames)

.debug_funcnames
 *(.debug_funcnames)

.debug_typenames
 *(.debug_typenames)

.debug_varnames
 *(.debug_varnames)

.debug_pubtypes
 *(.debug_pubtypes)

.debug_ranges   0x00000000      0x140
 *(.debug_ranges)
 .debug_ranges  0x00000000       0x20 Buzzer.o
 .debug_ranges  0x00000020       0x10 Door_Locker_v2.o
 .debug_ranges  0x00000030       0x58 Function.o
 .debug_ranges  0x00000088       0x20 Interfacing_UART.o
 .debug_ranges  0x000000a8       0x18 Keypad.o
 .debug_ranges  0x000000c0       0x40 LCD.o
 .debug_ranges  0x00000100       0x40 LED.o

.debug_macro
 *(.debug_macro)
OUTPUT(Door_Locker_v2.elf elf32-avr)
LOAD linker stubs
